Archive member included because of file (symbol)

/opt/gcc-arm-none-eabi-4_9-2015q3/bin/../lib/gcc/arm-none-eabi/4.9.3/../../../../arm-none-eabi/lib/armv6-m/libc_nano.a(lib_a-exit.o)
                              /opt/gcc-arm-none-eabi-4_9-2015q3/bin/../lib/gcc/arm-none-eabi/4.9.3/../../../../arm-none-eabi/lib/armv6-m/crt0.o (exit)
/opt/gcc-arm-none-eabi-4_9-2015q3/bin/../lib/gcc/arm-none-eabi/4.9.3/../../../../arm-none-eabi/lib/armv6-m/libc_nano.a(lib_a-impure.o)
                              /opt/gcc-arm-none-eabi-4_9-2015q3/bin/../lib/gcc/arm-none-eabi/4.9.3/../../../../arm-none-eabi/lib/armv6-m/libc_nano.a(lib_a-exit.o) (_global_impure_ptr)
/opt/gcc-arm-none-eabi-4_9-2015q3/bin/../lib/gcc/arm-none-eabi/4.9.3/../../../../arm-none-eabi/lib/armv6-m/libc_nano.a(lib_a-init.o)
                              /opt/gcc-arm-none-eabi-4_9-2015q3/bin/../lib/gcc/arm-none-eabi/4.9.3/../../../../arm-none-eabi/lib/armv6-m/crt0.o (__libc_init_array)
/opt/gcc-arm-none-eabi-4_9-2015q3/bin/../lib/gcc/arm-none-eabi/4.9.3/../../../../arm-none-eabi/lib/armv6-m/libc_nano.a(lib_a-memset.o)
                              /opt/gcc-arm-none-eabi-4_9-2015q3/bin/../lib/gcc/arm-none-eabi/4.9.3/../../../../arm-none-eabi/lib/armv6-m/crt0.o (memset)
/opt/gcc-arm-none-eabi-4_9-2015q3/bin/../lib/gcc/arm-none-eabi/4.9.3/../../../../arm-none-eabi/lib/armv6-m/libnosys.a(_exit.o)
                              /opt/gcc-arm-none-eabi-4_9-2015q3/bin/../lib/gcc/arm-none-eabi/4.9.3/../../../../arm-none-eabi/lib/armv6-m/libc_nano.a(lib_a-exit.o) (_exit)
/opt/gcc-arm-none-eabi-4_9-2015q3/bin/../lib/gcc/arm-none-eabi/4.9.3/armv6-m/libgcc.a(_udivsi3.o)
                              _build/bsp.o (__aeabi_uidiv)
/opt/gcc-arm-none-eabi-4_9-2015q3/bin/../lib/gcc/arm-none-eabi/4.9.3/armv6-m/libgcc.a(_divsi3.o)
                              _build/adc.o (__aeabi_idiv)
/opt/gcc-arm-none-eabi-4_9-2015q3/bin/../lib/gcc/arm-none-eabi/4.9.3/armv6-m/libgcc.a(_dvmd_tls.o)
                              /opt/gcc-arm-none-eabi-4_9-2015q3/bin/../lib/gcc/arm-none-eabi/4.9.3/armv6-m/libgcc.a(_udivsi3.o) (__aeabi_idiv0)
/opt/gcc-arm-none-eabi-4_9-2015q3/bin/../lib/gcc/arm-none-eabi/4.9.3/../../../../arm-none-eabi/lib/armv6-m/libc_nano.a(lib_a-memcpy.o)
                              _build/beacon_parameters_update_service.o (memcpy)
/opt/gcc-arm-none-eabi-4_9-2015q3/bin/../lib/gcc/arm-none-eabi/4.9.3/../../../../arm-none-eabi/lib/armv6-m/libc_nano.a(lib_a-strlen.o)
                              _build/ble_srv_common.o (strlen)
/opt/gcc-arm-none-eabi-4_9-2015q3/bin/../lib/gcc/arm-none-eabi/4.9.3/../../../../arm-none-eabi/lib/armv6-m/libc_nano.a(lib_a-vprintf.o)
                              _build/nrf_log.o (vprintf)
/opt/gcc-arm-none-eabi-4_9-2015q3/bin/../lib/gcc/arm-none-eabi/4.9.3/../../../../arm-none-eabi/lib/armv6-m/libc_nano.a(lib_a-findfp.o)
                              /opt/gcc-arm-none-eabi-4_9-2015q3/bin/../lib/gcc/arm-none-eabi/4.9.3/../../../../arm-none-eabi/lib/armv6-m/libc_nano.a(lib_a-vprintf.o) (__sinit)
/opt/gcc-arm-none-eabi-4_9-2015q3/bin/../lib/gcc/arm-none-eabi/4.9.3/../../../../arm-none-eabi/lib/armv6-m/libc_nano.a(lib_a-fwalk.o)
                              /opt/gcc-arm-none-eabi-4_9-2015q3/bin/../lib/gcc/arm-none-eabi/4.9.3/../../../../arm-none-eabi/lib/armv6-m/libc_nano.a(lib_a-findfp.o) (_fwalk)
/opt/gcc-arm-none-eabi-4_9-2015q3/bin/../lib/gcc/arm-none-eabi/4.9.3/../../../../arm-none-eabi/lib/armv6-m/libc_nano.a(lib_a-nano-mallocr.o)
                              /opt/gcc-arm-none-eabi-4_9-2015q3/bin/../lib/gcc/arm-none-eabi/4.9.3/../../../../arm-none-eabi/lib/armv6-m/libc_nano.a(lib_a-findfp.o) (_malloc_r)
/opt/gcc-arm-none-eabi-4_9-2015q3/bin/../lib/gcc/arm-none-eabi/4.9.3/../../../../arm-none-eabi/lib/armv6-m/libc_nano.a(lib_a-nano-vfprintf.o)
                              /opt/gcc-arm-none-eabi-4_9-2015q3/bin/../lib/gcc/arm-none-eabi/4.9.3/../../../../arm-none-eabi/lib/armv6-m/libc_nano.a(lib_a-vprintf.o) (_vfprintf_r)
/opt/gcc-arm-none-eabi-4_9-2015q3/bin/../lib/gcc/arm-none-eabi/4.9.3/../../../../arm-none-eabi/lib/armv6-m/libc_nano.a(lib_a-nano-vfprintf_i.o)
                              /opt/gcc-arm-none-eabi-4_9-2015q3/bin/../lib/gcc/arm-none-eabi/4.9.3/../../../../arm-none-eabi/lib/armv6-m/libc_nano.a(lib_a-nano-vfprintf.o) (_printf_i)
/opt/gcc-arm-none-eabi-4_9-2015q3/bin/../lib/gcc/arm-none-eabi/4.9.3/../../../../arm-none-eabi/lib/armv6-m/libc_nano.a(lib_a-sbrkr.o)
                              /opt/gcc-arm-none-eabi-4_9-2015q3/bin/../lib/gcc/arm-none-eabi/4.9.3/../../../../arm-none-eabi/lib/armv6-m/libc_nano.a(lib_a-nano-mallocr.o) (_sbrk_r)
/opt/gcc-arm-none-eabi-4_9-2015q3/bin/../lib/gcc/arm-none-eabi/4.9.3/../../../../arm-none-eabi/lib/armv6-m/libc_nano.a(lib_a-stdio.o)
                              /opt/gcc-arm-none-eabi-4_9-2015q3/bin/../lib/gcc/arm-none-eabi/4.9.3/../../../../arm-none-eabi/lib/armv6-m/libc_nano.a(lib_a-findfp.o) (__sread)
[...]
Memory Configuration

Name             Origin             Length             Attributes
FLASH            0x0001b000         0x00025000         xr
RAM              0x20002450         0x00001bb0         xrw
*default*        0x00000000         0xffffffff

Linker script and memory map


.text           0x0001b000     0x6e74
 *(.isr_vector)
 .isr_vector    0x0001b000       0xc0 _build/gcc_startup_nrf51.o
                0x0001b000                __isr_vector
 *(.text*)
 .text          0x0001b0c0       0x60 /opt/gcc-arm-none-eabi-4_9-2015q3/bin/../lib/gcc/arm-none-eabi/4.9.3/armv6-m/crtbegin.o
 .text          0x0001b120       0x78 /opt/gcc-arm-none-eabi-4_9-2015q3/bin/../lib/gcc/arm-none-eabi/4.9.3/../../../../arm-none-eabi/lib/armv6-m/crt0.o
                0x0001b120                _mainCRTStartup
                0x0001b120                _start
 .text.exit     0x0001b198       0x2c /opt/gcc-arm-none-eabi-4_9-2015q3/bin/../lib/gcc/arm-none-eabi/4.9.3/../../../../arm-none-eabi/lib/armv6-m/libc_nano.a(lib_a-exit.o)
                0x0001b198                exit
 .text.__libc_init_array
                0x0001b1c4       0x4c /opt/gcc-arm-none-eabi-4_9-2015q3/bin/../lib/gcc/arm-none-eabi/4.9.3/../../../../arm-none-eabi/lib/armv6-m/libc_nano.a(lib_a-init.o)
                0x0001b1c4                __libc_init_array
 .text.memset   0x0001b210       0x10 /opt/gcc-arm-none-eabi-4_9-2015q3/bin/../lib/gcc/arm-none-eabi/4.9.3/../../../../arm-none-eabi/lib/armv6-m/libc_nano.a(lib_a-memset.o)
                0x0001b210                memset
 .text._exit    0x0001b220        0x4 /opt/gcc-arm-none-eabi-4_9-2015q3/bin/../lib/gcc/arm-none-eabi/4.9.3/../../../../arm-none-eabi/lib/armv6-m/libnosys.a(_exit.o)
                0x0001b220                _exit
 .text.detection_delay_timeout_handler
                0x0001b224       0xe4 _build/app_button.o
 .text.gpiote_event_handler
                0x0001b308       0xa4 _build/app_button.o
 .text.app_button_init
                0x0001b3ac      0x10c _build/app_button.o
                0x0001b3ac                app_button_init
 .text.app_button_enable
                0x0001b4b8       0x44 _build/app_button.o
                0x0001b4b8                app_button_enable
 .text.app_button_disable
                0x0001b4fc       0x50 _build/app_button.o
                0x0001b4fc                app_button_disable
 .text.app_error_handler_bare
                0x0001b54c       0x3c _build/app_error.o
                0x0001b54c                app_error_handler_bare
 .text.NVIC_SystemReset
                0x0001b588       0x20 _build/app_error_weak.o
 .text.app_error_fault_handler
                0x0001b5a8       0x18 _build/app_error_weak.o
                0x0001b5a8                app_error_fault_handler
 .text.NVIC_EnableIRQ
                0x0001b5c0       0x2c _build/app_timer.o
 .text.NVIC_DisableIRQ
                0x0001b5ec       0x2c _build/app_timer.o
 .text.NVIC_SetPendingIRQ
                0x0001b618       0x2c _build/app_timer.o
 .text.NVIC_ClearPendingIRQ
                0x0001b644       0x2c _build/app_timer.o
 .text.NVIC_SetPriority
                0x0001b670       0xd4 _build/app_timer.o
 .text.NVIC_GetPriority
                0x0001b744       0x78 _build/app_timer.o
 .text.is_word_aligned
                0x0001b7bc       0x1c _build/app_timer.o
 .text.current_int_priority_get
                0x0001b7d8       0x3c _build/app_timer.o
 .text.rtc1_init
                0x0001b814       0x24 _build/app_timer.o
 .text.rtc1_start
                0x0001b838       0x68 _build/app_timer.o
 .text.rtc1_stop
                0x0001b8a0       0x98 _build/app_timer.o
 .text.rtc1_counter_get
                0x0001b938       0x18 _build/app_timer.o
 .text.ticks_diff_get
                0x0001b950       0x1c _build/app_timer.o
 .text.rtc1_compare0_set
                0x0001b96c       0x1c _build/app_timer.o
 .text.timer_list_insert
                0x0001b988       0xb0 _build/app_timer.o
 .text.timer_list_remove
                0x0001ba38       0xa0 _build/app_timer.o
 .text.timer_timeouts_check_sched
                0x0001bad8       0x10 _build/app_timer.o
 .text.timer_list_handler_sched
                0x0001bae8       0x10 _build/app_timer.o
 .text.timeout_handler_exec
                0x0001baf8       0x54 _build/app_timer.o
 .text.timer_timeouts_check
                0x0001bb4c       0xc8 _build/app_timer.o
 .text.elapsed_ticks_acquire
                0x0001bc14       0x7c _build/app_timer.o
 .text.list_deletions_handler
                0x0001bc90       0xec _build/app_timer.o
 .text.expired_timers_handler
                0x0001bd7c       0x98 _build/app_timer.o
 .text.list_insertions_handler
                0x0001be14      0x194 _build/app_timer.o
 .text.compare_reg_update
                0x0001bfa8       0xe4 _build/app_timer.o
 .text.timer_list_handler
                0x0001c08c       0x94 _build/app_timer.o
 .text.user_op_enque
                0x0001c120       0x1c _build/app_timer.o
 .text.user_op_alloc
                0x0001c13c       0x68 _build/app_timer.o
 .text.timer_start_op_schedule
                0x0001c1a4       0x84 _build/app_timer.o
 .text.timer_stop_op_schedule
                0x0001c228       0x64 _build/app_timer.o
 .text.RTC1_IRQHandler
                0x0001c28c       0x4c _build/app_timer.o
                0x0001c28c                RTC1_IRQHandler
 .text.SWI0_IRQHandler
                0x0001c2d8        0xc _build/app_timer.o
                0x0001c2d8                SWI0_IRQHandler
 .text.app_timer_init
                0x0001c2e4      0x108 _build/app_timer.o
                0x0001c2e4                app_timer_init
 .text.app_timer_create
                0x0001c3ec       0x6c _build/app_timer.o
                0x0001c3ec                app_timer_create
 .text.user_id_get
                0x0001c458       0x34 _build/app_timer.o
 .text.app_timer_start
                0x0001c48c       0x70 _build/app_timer.o
                0x0001c48c                app_timer_start
 .text.app_timer_stop
                0x0001c4fc       0x50 _build/app_timer.o
                0x0001c4fc                app_timer_stop
 .text.__sd_nvic_irq_disable
                0x0001c54c       0x1c _build/app_util_platform.o
 .text.__sd_nvic_irq_enable
                0x0001c568        0xc _build/app_util_platform.o
 .text.sd_nvic_critical_region_enter
                0x0001c574       0x64 _build/app_util_platform.o
 .text.sd_nvic_critical_region_exit
                0x0001c5d8       0x50 _build/app_util_platform.o
 .text.app_util_critical_region_enter
                0x0001c628       0x18 _build/app_util_platform.o
                0x0001c628                app_util_critical_region_enter
 .text.app_util_critical_region_exit
                0x0001c640       0x1c _build/app_util_platform.o
                0x0001c640                app_util_critical_region_exit
 .text.nrf_adc_result_get
                0x0001c65c       0x18 _build/nrf_drv_adc.o
 .text.nrf_adc_start
                0x0001c674       0x14 _build/nrf_drv_adc.o
 .text.nrf_adc_config_set
                0x0001c688       0x20 _build/nrf_drv_adc.o
 .text.nrf_adc_event_clear
                0x0001c6a8       0x24 _build/nrf_drv_adc.o
 .text.nrf_adc_event_check
                0x0001c6cc       0x2c _build/nrf_drv_adc.o
 .text.nrf_adc_int_enable
                0x0001c6f8       0x1c _build/nrf_drv_adc.o
 .text.nrf_adc_int_disable
                0x0001c714       0x1c _build/nrf_drv_adc.o
 .text.nrf_adc_task_trigger
                0x0001c730       0x24 _build/nrf_drv_adc.o
 .text.nrf_adc_enable
                0x0001c754       0x18 _build/nrf_drv_adc.o
 .text.nrf_adc_disable
                0x0001c76c       0x18 _build/nrf_drv_adc.o
 .text.nrf_drv_adc_init
                0x0001c784       0x5c _build/nrf_drv_adc.o
                0x0001c784                nrf_drv_adc_init
 .text.nrf_drv_adc_sample_convert
                0x0001c7e0       0x90 _build/nrf_drv_adc.o
                0x0001c7e0                nrf_drv_adc_sample_convert
 .text.adc_sample_process
                0x0001c870       0x9c _build/nrf_drv_adc.o
 .text.ADC_IRQHandler
                0x0001c90c       0x8c _build/nrf_drv_adc.o
                0x0001c90c                ADC_IRQHandler
 .text.NVIC_EnableIRQ
                0x0001c998       0x2c _build/nrf_drv_common.o
 .text.NVIC_ClearPendingIRQ
                0x0001c9c4       0x2c _build/nrf_drv_common.o
 .text.NVIC_SetPriority
                0x0001c9f0       0xd4 _build/nrf_drv_common.o
 .text.nrf_drv_common_irq_enable
                0x0001cac4       0x44 _build/nrf_drv_common.o
                0x0001cac4                nrf_drv_common_irq_enable
 .text.nrf_gpiote_event_is_set
                0x0001cb08       0x2c _build/nrf_drv_gpiote.o
 .text.nrf_gpiote_event_clear
                0x0001cb34       0x24 _build/nrf_drv_gpiote.o
 .text.nrf_gpiote_event_addr_get
                0x0001cb58       0x24 _build/nrf_drv_gpiote.o
 .text.nrf_gpiote_int_enable
                0x0001cb7c       0x1c _build/nrf_drv_gpiote.o
 .text.nrf_gpiote_int_disable
                0x0001cb98       0x1c _build/nrf_drv_gpiote.o
 .text.nrf_gpiote_int_is_enabled
                0x0001cbb4       0x20 _build/nrf_drv_gpiote.o
 .text.nrf_gpiote_event_enable
                0x0001cbd4       0x30 _build/nrf_drv_gpiote.o
 .text.nrf_gpiote_event_disable
                0x0001cc04       0x30 _build/nrf_drv_gpiote.o
 .text.nrf_gpiote_event_configure
                0x0001cc34       0x6c _build/nrf_drv_gpiote.o
 .text.nrf_gpiote_event_pin_get
                0x0001cca0       0x28 _build/nrf_drv_gpiote.o
 .text.nrf_gpiote_event_polarity_get
                0x0001ccc8       0x2c _build/nrf_drv_gpiote.o
 .text.nrf_gpio_cfg
                0x0001ccf4       0x5c _build/nrf_drv_gpiote.o
 .text.nrf_gpio_cfg_input
                0x0001cd50       0x30 _build/nrf_drv_gpiote.o
 .text.nrf_gpio_cfg_watcher
                0x0001cd80       0x34 _build/nrf_drv_gpiote.o
 .text.nrf_gpio_cfg_sense_set
                0x0001cdb4       0x5c _build/nrf_drv_gpiote.o
 .text.nrf_gpio_pin_read
                0x0001ce10       0x24 _build/nrf_drv_gpiote.o
 .text.nrf_gpio_pins_read
                0x0001ce34       0x14 _build/nrf_drv_gpiote.o
 .text.nrf_gpio_pin_sense_get
                0x0001ce48       0x28 _build/nrf_drv_gpiote.o
 .text.pin_in_use_by_te
                0x0001ce70       0x48 _build/nrf_drv_gpiote.o
 .text.pin_in_use_by_port
                0x0001ceb8       0x30 _build/nrf_drv_gpiote.o
 .text.pin_in_use_by_gpiote
                0x0001cee8       0x28 _build/nrf_drv_gpiote.o
 .text.pin_in_use_by_te_set
                0x0001cf10       0x5c _build/nrf_drv_gpiote.o
 .text.pin_in_use_clear
                0x0001cf6c       0x20 _build/nrf_drv_gpiote.o
 .text.channel_port_get
                0x0001cf8c       0x24 _build/nrf_drv_gpiote.o
 .text.channel_handler_get
                0x0001cfb0       0x1c _build/nrf_drv_gpiote.o
 .text.channel_port_alloc
                0x0001cfcc       0x84 _build/nrf_drv_gpiote.o
 .text.channel_free
                0x0001d050       0x40 _build/nrf_drv_gpiote.o
 .text.nrf_drv_gpiote_init
                0x0001d090       0x84 _build/nrf_drv_gpiote.o
                0x0001d090                nrf_drv_gpiote_init
 .text.nrf_drv_gpiote_is_init
                0x0001d114       0x1c _build/nrf_drv_gpiote.o
                0x0001d114                nrf_drv_gpiote_is_init
 .text.nrf_drv_gpiote_in_init
                0x0001d130       0xd4 _build/nrf_drv_gpiote.o
                0x0001d130                nrf_drv_gpiote_in_init
 .text.nrf_drv_gpiote_in_event_enable
                0x0001d204      0x10c _build/nrf_drv_gpiote.o
                0x0001d204                nrf_drv_gpiote_in_event_enable
 .text.nrf_drv_gpiote_in_event_disable
                0x0001d310       0x54 _build/nrf_drv_gpiote.o
                0x0001d310                nrf_drv_gpiote_in_event_disable
 .text.nrf_drv_gpiote_in_is_set
                0x0001d364       0x20 _build/nrf_drv_gpiote.o
                0x0001d364                nrf_drv_gpiote_in_is_set
 .text.GPIOTE_IRQHandler
                0x0001d384      0x290 _build/nrf_drv_gpiote.o
                0x0001d384                GPIOTE_IRQHandler
 .text.nrf_uart_event_clear
                0x0001d614       0x20 _build/nrf_drv_uart.o
 .text.nrf_uart_event_check
                0x0001d634       0x28 _build/nrf_drv_uart.o
 .text.nrf_uart_int_enable_check
                0x0001d65c       0x24 _build/nrf_drv_uart.o
 .text.nrf_uart_int_disable
                0x0001d680       0x1c _build/nrf_drv_uart.o
 .text.nrf_uart_errorsrc_get_and_clear
                0x0001d69c       0x28 _build/nrf_drv_uart.o
 .text.nrf_uart_rxd_get
                0x0001d6c4       0x1c _build/nrf_drv_uart.o
 .text.nrf_uart_txd_set
                0x0001d6e0       0x24 _build/nrf_drv_uart.o
 .text.nrf_uart_task_trigger
                0x0001d704       0x20 _build/nrf_drv_uart.o
 .text.tx_byte  0x0001d724       0x50 _build/nrf_drv_uart.o
 .text.rx_byte  0x0001d774       0x64 _build/nrf_drv_uart.o
 .text.rx_done_event
                0x0001d7d8       0x44 _build/nrf_drv_uart.o
 .text.tx_done_event
                0x0001d81c       0x4c _build/nrf_drv_uart.o
 .text.uart_irq_handler
                0x0001d868      0x200 _build/nrf_drv_uart.o
 .text.UART0_IRQHandler
                0x0001da68        0xc _build/nrf_drv_uart.o
                0x0001da68                UART0_IRQHandler
 .text.bsp_button_event_handler
                0x0001da74      0x150 _build/bsp.o
 .text.button_timer_handler
                0x0001dbc4       0x1c _build/bsp.o
 .text.bsp_led_indication
                0x0001dbe0      0x694 _build/bsp.o
 .text.leds_timer_handler
                0x0001e274       0x2c _build/bsp.o
 .text.alert_timer_handler
                0x0001e2a0       0x44 _build/bsp.o
 .text.bsp_indication_set
                0x0001e2e4       0x38 _build/bsp.o
                0x0001e2e4                bsp_indication_set
 .text.bsp_init
                0x0001e31c      0x128 _build/bsp.o
                0x0001e31c                bsp_init
 .text.bsp_event_to_button_action_assign
                0x0001e444       0xa8 _build/bsp.o
                0x0001e444                bsp_event_to_button_action_assign
 .text.sd_power_dcdc_mode_set
                0x0001e4ec        0x8 _build/main.o
 .text.sd_app_evt_wait
                0x0001e4f4        0x8 _build/main.o
 .text.nrf_gpio_cfg
                0x0001e4fc       0x5c _build/main.o
 .text.nrf_gpio_cfg_output
                0x0001e558       0x24 _build/main.o
 .text.nrf_gpio_pin_clear
                0x0001e57c       0x24 _build/main.o
 .text.power_manage
                0x0001e5a0       0x28 _build/main.o
 .text.leds_init
                0x0001e5c8       0x54 _build/main.o
 .text.p02_config
                0x0001e61c       0x14 _build/main.o
 .text.main     0x0001e630       0xc0 _build/main.o
                0x0001e630                main
 .text.sd_ble_gatts_service_add
                0x0001e6f0        0x8 _build/beacon_parameters_update_service.o
 .text.sd_ble_gatts_characteristic_add
                0x0001e6f8        0x8 _build/beacon_parameters_update_service.o
 .text.sd_ble_uuid_vs_add
                0x0001e700        0x8 _build/beacon_parameters_update_service.o
 .text.beacon_parameters_update_characteristic_add
                0x0001e708      0x1f8 _build/beacon_parameters_update_service.o
 .text.beacon_parameters_update_service_init
                0x0001e900       0x8c _build/beacon_parameters_update_service.o
                0x0001e900                beacon_parameters_update_service_init
 .text.beacon_advertising_parameter_update
                0x0001e98c       0xdc _build/beacon_parameters_update_service.o
                0x0001e98c                beacon_advertising_parameter_update
 .text.sd_ble_gatts_service_add
                0x0001ea68        0x8 _build/password_service.o
 .text.sd_ble_gatts_characteristic_add
                0x0001ea70        0x8 _build/password_service.o
 .text.sd_ble_uuid_vs_add
                0x0001ea78        0x8 _build/password_service.o
 .text.password_authentication_characteristic_add
                0x0001ea80      0x1f0 _build/password_service.o
 .text.password_update_characteristic_add
                0x0001ec70      0x1f0 _build/password_service.o
 .text.password_service_init
                0x0001ee60       0x94 _build/password_service.o
                0x0001ee60                password_service_init
 .text.connection_authentication
                0x0001eef4       0x90 _build/password_service.o
                0x0001eef4                connection_authentication
 .text.checking_for_connection_authentication
                0x0001ef84       0x34 _build/password_service.o
                0x0001ef84                checking_for_connection_authentication
 .text.update_password
                0x0001efb8       0x68 _build/password_service.o
                0x0001efb8                update_password
 .text.flash_page_erase
                0x0001f020       0x5c _build/memory_definitions.o
                0x0001f020                flash_page_erase
 .text.memory_writing
                0x0001f07c       0x58 _build/memory_definitions.o
                0x0001f07c                memory_writing
 .text.sd_ble_gap_adv_start
                0x0001f0d4        0x8 _build/ble_functions.o
 .text.sd_ble_gap_sec_params_reply
                0x0001f0dc        0x8 _build/ble_functions.o
 .text.sd_ble_gatts_sys_attr_set
                0x0001f0e4        0x8 _build/ble_functions.o
 .text.on_ble_evt
                0x0001f0ec      0x230 _build/ble_functions.o
                0x0001f0ec                on_ble_evt
 .text.ble_evt_dispatch
                0x0001f31c       0x20 _build/ble_functions.o
                0x0001f31c                ble_evt_dispatch
 .text.ble_stack_init
                0x0001f33c       0xe8 _build/ble_functions.o
                0x0001f33c                ble_stack_init
 .text.adc_event_handler
                0x0001f424       0x3c _build/adc.o
                0x0001f424                adc_event_handler
 .text.adc_config
                0x0001f460       0x38 _build/adc.o
                0x0001f460                adc_config
 .text.adc_sample
                0x0001f498       0x30 _build/adc.o
                0x0001f498                adc_sample
 .text.sd_ble_gap_adv_start
                0x0001f4c8        0x8 _build/advertising_functions.o
 .text.sd_ble_gap_adv_stop
                0x0001f4d0        0x8 _build/advertising_functions.o
 .text.advertising_data_array_updating
                0x0001f4d8       0x8c _build/advertising_functions.o
                0x0001f4d8                advertising_data_array_updating
 .text.advertising_init
                0x0001f564      0x1e0 _build/advertising_functions.o
                0x0001f564                advertising_init
 .text.advertising_start
                0x0001f744       0x78 _build/advertising_functions.o
                0x0001f744                advertising_start
 .text.change_advertising_mode
                0x0001f7bc       0x3c _build/advertising_functions.o
                0x0001f7bc                change_advertising_mode
 .text.no_connection_time_counter
                0x0001f7f8       0x78 _build/advertising_functions.o
                0x0001f7f8                no_connection_time_counter
 .text.sd_ble_gap_disconnect
                0x0001f870        0x8 _build/connection.o
 .text.sd_ble_gap_tx_power_set
                0x0001f878        0x8 _build/connection.o
 .text.sd_ble_gap_ppcp_set
                0x0001f880        0x8 _build/connection.o
 .text.on_conn_params_evt
                0x0001f888       0x3c _build/connection.o
                0x0001f888                on_conn_params_evt
 .text.conn_params_error_handler
                0x0001f8c4       0x18 _build/connection.o
                0x0001f8c4                conn_params_error_handler
 .text.conn_params_init
                0x0001f8dc       0x74 _build/connection.o
                0x0001f8dc                conn_params_init
 .text.gap_params_init
                0x0001f950       0x8c _build/connection.o
                0x0001f950                gap_params_init
 .text.sd_ble_gatts_rw_authorize_reply
                0x0001f9dc        0x8 _build/global_services_definitions.o
 .text.response_for_writing_requests
                0x0001f9e4       0x84 _build/global_services_definitions.o
                0x0001f9e4                response_for_writing_requests
 .text.services_init
                0x0001fa68       0x20 _build/global_services_definitions.o
                0x0001fa68                services_init
 .text.button_event_handler
                0x0001fa88       0x4c _build/button.o
 .text.button_init
                0x0001fad4       0x40 _build/button.o
                0x0001fad4                button_init
 .text.timer_functions_update
                0x0001fb14       0x28 _build/timer.o
 .text.timeout_handler
                0x0001fb3c       0x14 _build/timer.o
 .text.create_timers
                0x0001fb50       0x38 _build/timer.o
 .text.timer_init
                0x0001fb88       0x3c _build/timer.o
                0x0001fb88                timer_init
 .text.sd_ble_gap_address_get
                0x0001fbc4        0x8 _build/ble_advdata.o
 .text.sd_ble_gap_adv_data_set
                0x0001fbcc        0x8 _build/ble_advdata.o
 .text.sd_ble_gap_appearance_get
                0x0001fbd4        0x8 _build/ble_advdata.o
 .text.sd_ble_gap_device_name_get
                0x0001fbdc        0x8 _build/ble_advdata.o
 .text.sd_ble_uuid_encode
                0x0001fbe4        0x8 _build/ble_advdata.o
 .text.uint16_encode
                0x0001fbec       0x34 _build/ble_advdata.o
 .text.tk_value_encode
                0x0001fc20       0xb0 _build/ble_advdata.o
 .text.le_role_encode
                0x0001fcd0       0xdc _build/ble_advdata.o
 .text.ble_device_addr_encode
                0x0001fdac       0xd4 _build/ble_advdata.o
 .text.name_encode
                0x0001fe80      0x164 _build/ble_advdata.o
 .text.appearance_encode
                0x0001ffe4       0xa0 _build/ble_advdata.o
 .text.flags_encode
                0x00020084       0x8c _build/ble_advdata.o
 .text.sec_mgr_oob_flags_encode
                0x00020110       0x8c _build/ble_advdata.o
 .text.tx_power_level_encode
                0x0002019c       0x8c _build/ble_advdata.o
 .text.uuid_list_sized_encode
                0x00020228      0x1a0 _build/ble_advdata.o
 .text.uuid_list_encode
                0x000203c8       0x88 _build/ble_advdata.o
 .text.conn_int_check
                0x00020450       0x80 _build/ble_advdata.o
 .text.conn_int_encode
                0x000204d0       0xc8 _build/ble_advdata.o
 .text.manuf_specific_data_encode
                0x00020598       0xe8 _build/ble_advdata.o
 .text.service_data_encode
                0x00020680      0x11c _build/ble_advdata.o
 .text.adv_data_encode
                0x0002079c      0x298 _build/ble_advdata.o
                0x0002079c                adv_data_encode
 .text.advdata_check
                0x00020a34       0x24 _build/ble_advdata.o
 .text.srdata_check
                0x00020a58       0x20 _build/ble_advdata.o
 .text.ble_advdata_set
                0x00020a78       0xe0 _build/ble_advdata.o
                0x00020a78                ble_advdata_set
 .text.sd_ble_gap_conn_param_update
                0x00020b58        0x8 _build/ble_conn_params.o
 .text.sd_ble_gap_disconnect
                0x00020b60        0x8 _build/ble_conn_params.o
 .text.sd_ble_gap_ppcp_set
                0x00020b68        0x8 _build/ble_conn_params.o
 .text.sd_ble_gap_ppcp_get
                0x00020b70        0x8 _build/ble_conn_params.o
 .text.uint16_decode
                0x00020b78       0x28 _build/ble_conn_params.o
 .text.ble_srv_is_notification_enabled
                0x00020ba0       0x30 _build/ble_conn_params.o
 .text.is_conn_params_ok
                0x00020bd0       0x34 _build/ble_conn_params.o
 .text.update_timeout_handler
                0x00020c04       0xc4 _build/ble_conn_params.o
 .text.ble_conn_params_init
                0x00020cc8       0xac _build/ble_conn_params.o
                0x00020cc8                ble_conn_params_init
 .text.conn_params_negotiation
                0x00020d74       0xbc _build/ble_conn_params.o
 .text.on_connect
                0x00020e30       0x44 _build/ble_conn_params.o
 .text.on_disconnect
                0x00020e74       0x50 _build/ble_conn_params.o
 .text.on_write
                0x00020ec4       0x68 _build/ble_conn_params.o
 .text.on_conn_params_update
                0x00020f2c       0x20 _build/ble_conn_params.o
 .text.ble_conn_params_on_ble_evt
                0x00020f4c       0x50 _build/ble_conn_params.o
                0x00020f4c                ble_conn_params_on_ble_evt
 .text.SystemInit
                0x00020f9c       0x70 _build/system_nrf51.o
                0x00020f9c                SystemInit
 .text.is_manual_peripheral_setup_needed
                0x0002100c       0x80 _build/system_nrf51.o
 .text.is_disabled_in_debug_needed
                0x0002108c       0x4c _build/system_nrf51.o
 .text.is_peripheral_domain_setup_needed
                0x000210d8       0x68 _build/system_nrf51.o
 .text.is_word_aligned
                0x00021140       0x1c _build/app_scheduler.o
 .text.next_index
                0x0002115c       0x34 _build/app_scheduler.o
 .text.app_sched_queue_full
                0x00021190       0x3c _build/app_scheduler.o
 .text.app_sched_queue_empty
                0x000211cc       0x30 _build/app_scheduler.o
 .text.app_sched_init
                0x000211fc       0x90 _build/app_scheduler.o
                0x000211fc                app_sched_init
 .text.app_sched_event_put
                0x0002128c      0x11c _build/app_scheduler.o
                0x0002128c                app_sched_event_put
 .text.app_sched_event_get
                0x000213a8       0x94 _build/app_scheduler.o
 .text.app_sched_execute
                0x0002143c       0x38 _build/app_scheduler.o
                0x0002143c                app_sched_execute
 .text.item_dequeue
                0x00021474       0x28 _build/nrf_drv_clock.o
 .text.clock_clk_started_notify
                0x0002149c       0x38 _build/nrf_drv_clock.o
 .text.nrf_drv_clock_on_soc_event
                0x000214d4       0x24 _build/nrf_drv_clock.o
                0x000214d4                nrf_drv_clock_on_soc_event
 .text.NVIC_EnableIRQ
                0x000214f8       0x2c _build/softdevice_handler.o
 .text.NVIC_GetPriority
                0x00021524       0x78 _build/softdevice_handler.o
 .text.sd_evt_get
                0x0002159c        0x8 _build/softdevice_handler.o
 .text.sd_softdevice_enable
                0x000215a4        0x8 _build/softdevice_handler.o
 .text.is_word_aligned
                0x000215ac       0x1c _build/softdevice_handler.o
 .text.sd_ble_enable
                0x000215c8        0x8 _build/softdevice_handler.o
 .text.sd_ble_evt_get
                0x000215d0        0x8 _build/softdevice_handler.o
 .text.__sd_nvic_app_accessible_irq
                0x000215d8       0x3c _build/softdevice_handler.o
 .text.__sd_nvic_is_app_accessible_priority
                0x00021614       0x2c _build/softdevice_handler.o
 .text.sd_nvic_EnableIRQ
                0x00021640       0x98 _build/softdevice_handler.o
 .text.softdevice_fault_handler
                0x000216d8       0x24 _build/softdevice_handler.o
                0x000216d8                softdevice_fault_handler
 .text.intern_softdevice_events_execute
                0x000216fc      0x10c _build/softdevice_handler.o
                0x000216fc                intern_softdevice_events_execute
 .text.softdevice_handler_init
                0x00021808       0x8c _build/softdevice_handler.o
                0x00021808                softdevice_handler_init
 .text.softdevice_ble_evt_handler_set
                0x00021894       0x28 _build/softdevice_handler.o
                0x00021894                softdevice_ble_evt_handler_set
 .text.SWI2_IRQHandler
                0x000218bc       0x3c _build/softdevice_handler.o
                0x000218bc                SWI2_IRQHandler
 .text.softdevice_enable_get_default_config
                0x000218f8       0x60 _build/softdevice_handler.o
                0x000218f8                softdevice_enable_get_default_config
 .text.sd_check_ram_start
                0x00021958       0x28 _build/softdevice_handler.o
                0x00021958                sd_check_ram_start
 .text.softdevice_enable
                0x00021980       0x30 _build/softdevice_handler.o
                0x00021980                softdevice_enable
 .text          0x000219b0       0x4c _build/gcc_startup_nrf51.o
                0x000219b0                Reset_Handler
                0x000219f0                NMI_Handler
                0x000219f2                HardFault_Handler
                0x000219f4                SVC_Handler
                0x000219f6                PendSV_Handler
                0x000219f8                SysTick_Handler
                0x000219fa                TIMER2_IRQHandler
                0x000219fa                SPI0_TWI0_IRQHandler
                0x000219fa                RTC0_IRQHandler
                0x000219fa                POWER_CLOCK_IRQHandler
                0x000219fa                RADIO_IRQHandler
                0x000219fa                LPCOMP_IRQHandler
                0x000219fa                SWI4_IRQHandler
                0x000219fa                TEMP_IRQHandler
                0x000219fa                QDEC_IRQHandler
                0x000219fa                SWI5_IRQHandler
                0x000219fa                TIMER0_IRQHandler
                0x000219fa                TIMER1_IRQHandler
                0x000219fa                ECB_IRQHandler
                0x000219fa                Default_Handler
                0x000219fa                SWI3_IRQHandler
                0x000219fa                CCM_AAR_IRQHandler
                0x000219fa                WDT_IRQHandler
                0x000219fa                RNG_IRQHandler
                0x000219fa                SPI1_TWI1_IRQHandler
                0x000219fa                SWI1_IRQHandler
 .text          0x000219fc      0x120 /opt/gcc-arm-none-eabi-4_9-2015q3/bin/../lib/gcc/arm-none-eabi/4.9.3/armv6-m/libgcc.a(_udivsi3.o)
                0x000219fc                __udivsi3
                0x000219fc                __aeabi_uidiv
                0x00021b08                __aeabi_uidivmod
 .text          0x00021b1c      0x1e0 /opt/gcc-arm-none-eabi-4_9-2015q3/bin/../lib/gcc/arm-none-eabi/4.9.3/armv6-m/libgcc.a(_divsi3.o)
                0x00021b1c                __aeabi_idiv
                0x00021b1c                __divsi3
                0x00021ce8                __aeabi_idivmod
 .text          0x00021cfc        0x4 /opt/gcc-arm-none-eabi-4_9-2015q3/bin/../lib/gcc/arm-none-eabi/4.9.3/armv6-m/libgcc.a(_dvmd_tls.o)
                0x00021cfc                __aeabi_ldiv0
                0x00021cfc                __aeabi_idiv0
 .text.memcpy   0x00021d00       0x12 /opt/gcc-arm-none-eabi-4_9-2015q3/bin/../lib/gcc/arm-none-eabi/4.9.3/../../../../arm-none-eabi/lib/armv6-m/libc_nano.a(lib_a-memcpy.o)
                0x00021d00                memcpy
 *(.init)
 *fill*         0x00021d12        0x2 
 .init          0x00021d14        0x4 /opt/gcc-arm-none-eabi-4_9-2015q3/bin/../lib/gcc/arm-none-eabi/4.9.3/armv6-m/crti.o
                0x00021d14                _init
 .init          0x00021d18        0x8 /opt/gcc-arm-none-eabi-4_9-2015q3/bin/../lib/gcc/arm-none-eabi/4.9.3/armv6-m/crtn.o
 *(.fini)
 .fini          0x00021d20        0x4 /opt/gcc-arm-none-eabi-4_9-2015q3/bin/../lib/gcc/arm-none-eabi/4.9.3/armv6-m/crti.o
                0x00021d20                _fini
 .fini          0x00021d24        0x8 /opt/gcc-arm-none-eabi-4_9-2015q3/bin/../lib/gcc/arm-none-eabi/4.9.3/armv6-m/crtn.o
 *crtbegin.o(.ctors)
 *crtbegin?.o(.ctors)
 *(EXCLUDE_FILE(*crtend.o *crtend?.o) .ctors)
 *(SORT(.ctors.*))
 *(.ctors)
 *crtbegin.o(.dtors)
 *crtbegin?.o(.dtors)
 *(EXCLUDE_FILE(*crtend.o *crtend?.o) .dtors)
 *(SORT(.dtors.*))
 *(.dtors)
 *(.rodata*)
 .rodata.str1.1
                0x00021d2c        0x2 /opt/gcc-arm-none-eabi-4_9-2015q3/bin/../lib/gcc/arm-none-eabi/4.9.3/../../../../arm-none-eabi/lib/armv6-m/libc_nano.a(lib_a-impure.o)
 *fill*         0x00021d2e        0x2 
 .rodata._global_impure_ptr
                0x00021d30        0x4 /opt/gcc-arm-none-eabi-4_9-2015q3/bin/../lib/gcc/arm-none-eabi/4.9.3/../../../../arm-none-eabi/lib/armv6-m/libc_nano.a(lib_a-impure.o)
                0x00021d30                _global_impure_ptr
 .rodata.m_detection_delay_timer_id
                0x00021d34        0x4 _build/app_button.o
 .rodata.m_default_config
                0x00021d38        0x1 _build/nrf_drv_adc.o
 *fill*         0x00021d39        0x3 
 .rodata.m_leds_timer_id
                0x00021d3c        0x4 _build/bsp.o
 .rodata.m_alert_timer_id
                0x00021d40        0x4 _build/bsp.o
 .rodata.m_button_timer_id
                0x00021d44        0x4 _build/bsp.o
 .rodata.m_buttons_list
                0x00021d48       0x10 _build/bsp.o
 .rodata.app_buttons
                0x00021d58       0x20 _build/bsp.o
 .rodata.bsp_led_indication
                0x00021d78       0x60 _build/bsp.o
 .rodata        0x00021dd8       0x14 _build/beacon_parameters_update_service.o
 .rodata        0x00021dec       0x10 _build/password_service.o
 .rodata        0x00021dfc        0x4 _build/advertising_functions.o
 .rodata.app_buttons
                0x00021e00        0x8 _build/button.o
 .rodata.m_timer_id
                0x00021e08        0x4 _build/timer.o
 .rodata.m_conn_params_timer_id
                0x00021e0c        0x4 _build/ble_conn_params.o
 .rodata.__sf_fake_stdin
                0x00021e10       0x20 /opt/gcc-arm-none-eabi-4_9-2015q3/bin/../lib/gcc/arm-none-eabi/4.9.3/../../../../arm-none-eabi/lib/armv6-m/libc_nano.a(lib_a-findfp.o)
                0x00021e10                __sf_fake_stdin
 .rodata.__sf_fake_stdout
                0x00021e30       0x20 /opt/gcc-arm-none-eabi-4_9-2015q3/bin/../lib/gcc/arm-none-eabi/4.9.3/../../../../arm-none-eabi/lib/armv6-m/libc_nano.a(lib_a-findfp.o)
                0x00021e30                __sf_fake_stdout
 .rodata.__sf_fake_stderr
                0x00021e50       0x20 /opt/gcc-arm-none-eabi-4_9-2015q3/bin/../lib/gcc/arm-none-eabi/4.9.3/../../../../arm-none-eabi/lib/armv6-m/libc_nano.a(lib_a-findfp.o)
                0x00021e50                __sf_fake_stderr
 *(.eh_frame*)
 .eh_frame      0x00021e70        0x0 /opt/gcc-arm-none-eabi-4_9-2015q3/bin/../lib/gcc/arm-none-eabi/4.9.3/armv6-m/crtbegin.o
 .eh_frame      0x00021e70        0x4 /opt/gcc-arm-none-eabi-4_9-2015q3/bin/../lib/gcc/arm-none-eabi/4.9.3/armv6-m/crtend.o

.glue_7         0x00021e74        0x0
 .glue_7        0x00000000        0x0 linker stubs

.glue_7t        0x00021e74        0x0
 .glue_7t       0x00000000        0x0 linker stubs

.vfp11_veneer   0x00021e74        0x0
 .vfp11_veneer  0x00000000        0x0 linker stubs

.v4_bx          0x00021e74        0x0
 .v4_bx         0x00000000        0x0 linker stubs

.iplt           0x00021e74        0x0
 .iplt          0x00000000        0x0 /opt/gcc-arm-none-eabi-4_9-2015q3/bin/../lib/gcc/arm-none-eabi/4.9.3/armv6-m/crtbegin.o

.ARM.extab
 *(.ARM.extab* .gnu.linkonce.armextab.*)
                0x00021e74                __exidx_start = .

.ARM.exidx      0x00021e74        0x8
 *(.ARM.exidx* .gnu.linkonce.armexidx.*)
 .ARM.exidx     0x00021e74        0x8 /opt/gcc-arm-none-eabi-4_9-2015q3/bin/../lib/gcc/arm-none-eabi/4.9.3/../../../../arm-none-eabi/lib/armv6-m/crt0.o
                0x00021e7c                __exidx_end = .
                0x00021e7c                __etext = .

.rel.dyn        0x00021e7c        0x0
 .rel.iplt      0x00000000        0x0 /opt/gcc-arm-none-eabi-4_9-2015q3/bin/../lib/gcc/arm-none-eabi/4.9.3/armv6-m/crtbegin.o

.data           0x20002450       0x80 load address 0x00021e7c
                0x20002450                __data_start__ = .
 *(vtable)
 *(.data*)
 .data.impure_data
                0x20002450       0x60 /opt/gcc-arm-none-eabi-4_9-2015q3/bin/../lib/gcc/arm-none-eabi/4.9.3/../../../../arm-none-eabi/lib/armv6-m/libc_nano.a(lib_a-impure.o)
 .data.m_channel_config
                0x200024b0        0x8 _build/adc.o
 .data.clabki_advertising_data_array
                0x200024b8        0xa _build/advertising_functions.o
                0x200024c4                . = ALIGN (0x4)
 *fill*         0x200024c2        0x2 
                0x200024c4                PROVIDE (__preinit_array_start, .)
 *(.preinit_array)
                0x200024c4                PROVIDE (__preinit_array_end, .)
                0x200024c4                . = ALIGN (0x4)
                0x200024c4                PROVIDE (__init_array_start, .)
 *(SORT(.init_array.*))
 *(.init_array)
 .init_array    0x200024c4        0x4 /opt/gcc-arm-none-eabi-4_9-2015q3/bin/../lib/gcc/arm-none-eabi/4.9.3/armv6-m/crtbegin.o
                0x200024c8                PROVIDE (__init_array_end, .)
                0x200024c8                . = ALIGN (0x4)
                0x200024c8                PROVIDE (__fini_array_start, .)
 *(SORT(.fini_array.*))
 *(.fini_array)
 .fini_array    0x200024c8        0x4 /opt/gcc-arm-none-eabi-4_9-2015q3/bin/../lib/gcc/arm-none-eabi/4.9.3/armv6-m/crtbegin.o
                0x200024cc                PROVIDE (__fini_array_end, .)
 *(.jcr*)
 .jcr           0x200024cc        0x0 /opt/gcc-arm-none-eabi-4_9-2015q3/bin/../lib/gcc/arm-none-eabi/4.9.3/armv6-m/crtbegin.o
 .jcr           0x200024cc        0x4 /opt/gcc-arm-none-eabi-4_9-2015q3/bin/../lib/gcc/arm-none-eabi/4.9.3/armv6-m/crtend.o
                0x200024d0                . = ALIGN (0x4)
                0x200024d0                __data_end__ = .
LOAD /opt/gcc-arm-none-eabi-4_9-2015q3/bin/../lib/gcc/arm-none-eabi/4.9.3/armv6-m/crti.o
LOAD /opt/gcc-arm-none-eabi-4_9-2015q3/bin/../lib/gcc/arm-none-eabi/4.9.3/armv6-m/crtbegin.o
LOAD /opt/gcc-arm-none-eabi-4_9-2015q3/bin/../lib/gcc/arm-none-eabi/4.9.3/../../../../arm-none-eabi/lib/armv6-m/crt0.o
LOAD /opt/gcc-arm-none-eabi-4_9-2015q3/bin/../lib/gcc/arm-none-eabi/4.9.3/../../../../arm-none-eabi/lib/armv6-m/libc_nano.a
LOAD /opt/gcc-arm-none-eabi-4_9-2015q3/bin/../lib/gcc/arm-none-eabi/4.9.3/../../../../arm-none-eabi/lib/armv6-m/libnosys.a
LOAD _build/app_button.o
LOAD _build/app_error.o
LOAD _build/app_error_weak.o
LOAD _build/app_fifo.o
LOAD _build/app_timer.o
LOAD _build/app_util_platform.o
LOAD _build/nrf_assert.o
LOAD _build/nrf_adc.o
LOAD _build/nrf_drv_adc.o
LOAD _build/nrf_log.o
LOAD _build/nrf_delay.o
LOAD _build/nrf_drv_common.o
LOAD _build/nrf_drv_gpiote.o
LOAD _build/nrf_drv_uart.o
LOAD _build/bsp.o
LOAD _build/main.o
LOAD _build/beacon_parameters_update_service.o
LOAD _build/password_service.o
LOAD _build/memory_definitions.o
LOAD _build/ble_functions.o
LOAD _build/adc.o
LOAD _build/advertising_functions.o
LOAD _build/connection.o
LOAD _build/global_services_definitions.o
LOAD _build/button.o
LOAD _build/timer.o
LOAD _build/ble_advdata.o
LOAD _build/ble_conn_params.o
LOAD _build/ble_srv_common.o
LOAD _build/system_nrf51.o
LOAD _build/app_scheduler.o
LOAD _build/nrf_drv_clock.o
LOAD _build/app_timer_appsh.o
LOAD _build/softdevice_handler.o
LOAD _build/gcc_startup_nrf51.o
LOAD /opt/gcc-arm-none-eabi-4_9-2015q3/bin/../lib/gcc/arm-none-eabi/4.9.3/../../../../arm-none-eabi/lib/armv6-m/libm.a
START GROUP
LOAD /opt/gcc-arm-none-eabi-4_9-2015q3/bin/../lib/gcc/arm-none-eabi/4.9.3/armv6-m/libgcc.a
LOAD /opt/gcc-arm-none-eabi-4_9-2015q3/bin/../lib/gcc/arm-none-eabi/4.9.3/../../../../arm-none-eabi/lib/armv6-m/libc_nano.a
END GROUP
START GROUP
LOAD /opt/gcc-arm-none-eabi-4_9-2015q3/bin/../lib/gcc/arm-none-eabi/4.9.3/armv6-m/libgcc.a
LOAD /opt/gcc-arm-none-eabi-4_9-2015q3/bin/../lib/gcc/arm-none-eabi/4.9.3/../../../../arm-none-eabi/lib/armv6-m/libc_nano.a
END GROUP
LOAD /opt/gcc-arm-none-eabi-4_9-2015q3/bin/../lib/gcc/arm-none-eabi/4.9.3/armv6-m/crtend.o
LOAD /opt/gcc-arm-none-eabi-4_9-2015q3/bin/../lib/gcc/arm-none-eabi/4.9.3/armv6-m/crtn.o
START GROUP
LOAD /opt/gcc-arm-none-eabi-4_9-2015q3/bin/../lib/gcc/arm-none-eabi/4.9.3/armv6-m/libgcc.a
LOAD /opt/gcc-arm-none-eabi-4_9-2015q3/bin/../lib/gcc/arm-none-eabi/4.9.3/../../../../arm-none-eabi/lib/armv6-m/libc.a
LOAD /opt/gcc-arm-none-eabi-4_9-2015q3/bin/../lib/gcc/arm-none-eabi/4.9.3/../../../../arm-none-eabi/lib/armv6-m/libnosys.a
END GROUP

.igot.plt       0x200024d0        0x0 load address 0x00021efc
 .igot.plt      0x00000000        0x0 /opt/gcc-arm-none-eabi-4_9-2015q3/bin/../lib/gcc/arm-none-eabi/4.9.3/armv6-m/crtbegin.o

.fs_data        0x200024d0        0x0
                0x200024d0                PROVIDE (__start_fs_data, .)
 *(.fs_data)
                0x200024d0                PROVIDE (__stop_fs_data, .)

.bss            0x200024d0      0x454 load address 0x00021efc
                0x200024d0                . = ALIGN (0x4)
                0x200024d0                __bss_start__ = .
 *(.bss*)
 .bss           0x200024d0       0x1c /opt/gcc-arm-none-eabi-4_9-2015q3/bin/../lib/gcc/arm-none-eabi/4.9.3/armv6-m/crtbegin.o
 .bss.mp_buttons
                0x200024ec        0x4 _build/app_button.o
 .bss.m_button_count
                0x200024f0        0x1 _build/app_button.o
 *fill*         0x200024f1        0x3 
 .bss.m_detection_delay
                0x200024f4        0x4 _build/app_button.o
 .bss.m_detection_delay_timer_id_data
                0x200024f8       0x20 _build/app_button.o
 .bss.m_pin_state
                0x20002518        0x4 _build/app_button.o
 .bss.m_pin_transition
                0x2000251c        0x4 _build/app_button.o
 .bss.m_user_array_size
                0x20002520        0x1 _build/app_timer.o
 *fill*         0x20002521        0x3 
 .bss.mp_users  0x20002524        0x4 _build/app_timer.o
 .bss.mp_timer_id_head
                0x20002528        0x4 _build/app_timer.o
 .bss.m_ticks_latest
                0x2000252c        0x4 _build/app_timer.o
 .bss.m_ticks_elapsed
                0x20002530        0x8 _build/app_timer.o
 .bss.m_ticks_elapsed_q_read_ind
                0x20002538        0x1 _build/app_timer.o
 .bss.m_ticks_elapsed_q_write_ind
                0x20002539        0x1 _build/app_timer.o
 *fill*         0x2000253a        0x2 
 .bss.m_evt_schedule_func
                0x2000253c        0x4 _build/app_timer.o
 .bss.m_rtc1_running
                0x20002540        0x1 _build/app_timer.o
 .bss.m_rtc1_reset
                0x20002541        0x1 _build/app_timer.o
 *fill*         0x20002542        0x2 
 .bss.m_cb      0x20002544       0x14 _build/nrf_drv_adc.o
 .bss.m_cb      0x20002558       0x48 _build/nrf_drv_gpiote.o
 .bss.m_cb      0x200025a0       0x1c _build/nrf_drv_uart.o
 .bss.m_stable_state
                0x200025bc        0x1 _build/bsp.o
 *fill*         0x200025bd        0x3 
 .bss.m_app_ticks_per_100ms
                0x200025c0        0x4 _build/bsp.o
 .bss.m_indication_type
                0x200025c4        0x4 _build/bsp.o
 .bss.m_alert_mask
                0x200025c8        0x4 _build/bsp.o
 .bss.m_leds_timer_id_data
                0x200025cc       0x20 _build/bsp.o
 .bss.m_alert_timer_id_data
                0x200025ec       0x20 _build/bsp.o
 .bss.m_registered_callback
                0x2000260c        0x4 _build/bsp.o
 .bss.m_events_list
                0x20002610        0xc _build/bsp.o
 .bss.m_button_timer_id_data
                0x2000261c       0x20 _build/bsp.o
 .bss.current_long_push_pin_no.6062
                0x2000263c        0x1 _build/bsp.o
 *fill*         0x2000263d        0x3 
 .bss.release_event_at_push.6063
                0x20002640        0x4 _build/bsp.o
 .bss.APP_SCHED_BUF.7866
                0x20002644       0x20 _build/main.o
 .bss.APP_TIMER_BUF.7869
                0x20002664      0x180 _build/main.o
 .bss.BLE_EVT_BUFFER.8003
                0x200027e4       0x48 _build/ble_functions.o
 .bss.m_timer_id_data
                0x2000282c       0x20 _build/timer.o
 .bss.m_conn_params_config
                0x2000284c       0x1c _build/ble_conn_params.o
 .bss.m_preferred_conn_params
                0x20002868        0x8 _build/ble_conn_params.o
 .bss.m_update_count
                0x20002870        0x1 _build/ble_conn_params.o
 *fill*         0x20002871        0x1 
 .bss.m_conn_handle
                0x20002872        0x2 _build/ble_conn_params.o
 .bss.m_current_conn_params
                0x20002874        0x8 _build/ble_conn_params.o
 .bss.m_conn_params_timer_id_data
                0x2000287c       0x20 _build/ble_conn_params.o
 .bss.m_change_param
                0x2000289c        0x1 _build/ble_conn_params.o
 *fill*         0x2000289d        0x3 
 .bss.m_queue_event_headers
                0x200028a0        0x4 _build/app_scheduler.o
 .bss.m_queue_event_data
                0x200028a4        0x4 _build/app_scheduler.o
 .bss.m_queue_start_index
                0x200028a8        0x1 _build/app_scheduler.o
 .bss.m_queue_end_index
                0x200028a9        0x1 _build/app_scheduler.o
 .bss.m_queue_event_size
                0x200028aa        0x2 _build/app_scheduler.o
 .bss.m_queue_size
                0x200028ac        0x2 _build/app_scheduler.o
 *fill*         0x200028ae        0x2 
 .bss.m_clock_cb
                0x200028b0        0xc _build/nrf_drv_clock.o
 .bss.m_evt_schedule_func
                0x200028bc        0x4 _build/softdevice_handler.o
 .bss.m_softdevice_enabled
                0x200028c0        0x1 _build/softdevice_handler.o
 *fill*         0x200028c1        0x3 
 .bss.mp_ble_evt_buffer
                0x200028c4        0x4 _build/softdevice_handler.o
 .bss.m_ble_evt_buffer_size
                0x200028c8        0x2 _build/softdevice_handler.o
 *fill*         0x200028ca        0x2 
 .bss.m_ble_evt_handler
                0x200028cc        0x4 _build/softdevice_handler.o
 .bss.m_sys_evt_handler
                0x200028d0        0x4 _build/softdevice_handler.o
 *(COMMON)
 COMMON         0x200028d4       0x48 _build/main.o
                0x200028d4                m_beacon_parameters_update_service
                0x200028e0                password_addr
                0x200028e4                pg_num
                0x200028e8                m_password
                0x200028f4                pg_size
                0x200028f8                m_adv_params
                0x20002910                major_minor_addr
                0x20002914                non_connection_time_counter
                0x20002915                advertising_type_status_flag
                0x20002918                m_conn_handle
 COMMON         0x2000291c        0x8 _build/softdevice_handler.o
                0x2000291c                nrf_nvic_state
                0x20002924                . = ALIGN (0x4)
                0x20002924                __bss_end__ = .

.heap           0x20002928      0x800
                0x20002928                __end__ = .
                0x20002928                PROVIDE (end, .)
 *(.heap*)
 .heap          0x20002928      0x800 _build/gcc_startup_nrf51.o
                0x20002928                __HeapBase
                0x20003128                __HeapLimit = .

.stack_dummy    0x20002928      0x800
 *(.stack*)
 .stack         0x20002928      0x800 _build/gcc_startup_nrf51.o
                0x20004000                __StackTop = (ORIGIN (RAM) + 0x1bb0)
                0x20003800                __StackLimit = (__StackTop - SIZEOF (.stack_dummy))
                0x20004000                PROVIDE (__stack, __StackTop)
                0x00000001                ASSERT ((__StackLimit >= __HeapLimit), region RAM overflowed with stack)
OUTPUT(_build/nrf51422_xxac_s130.out elf32-littlearm)

.ARM.attributes
                0x00000000       0x28
 .ARM.attributes
                0x00000000       0x1e /opt/gcc-arm-none-eabi-4_9-2015q3/bin/../lib/gcc/arm-none-eabi/4.9.3/armv6-m/crti.o
 .ARM.attributes
                0x0000001e       0x2c /opt/gcc-arm-none-eabi-4_9-2015q3/bin/../lib/gcc/arm-none-eabi/4.9.3/armv6-m/crtbegin.o
 .ARM.attributes
                0x0000004a       0x1b /opt/gcc-arm-none-eabi-4_9-2015q3/bin/../lib/gcc/arm-none-eabi/4.9.3/../../../../arm-none-eabi/lib/armv6-m/crt0.o
 .ARM.attributes
                0x00000065       0x2c /opt/gcc-arm-none-eabi-4_9-2015q3/bin/../lib/gcc/arm-none-eabi/4.9.3/../../../../arm-none-eabi/lib/armv6-m/libc_nano.a(lib_a-exit.o)
 .ARM.attributes
                0x00000091       0x2c /opt/gcc-arm-none-eabi-4_9-2015q3/bin/../lib/gcc/arm-none-eabi/4.9.3/../../../../arm-none-eabi/lib/armv6-m/libc_nano.a(lib_a-impure.o)
 .ARM.attributes
                0x000000bd       0x2c /opt/gcc-arm-none-eabi-4_9-2015q3/bin/../lib/gcc/arm-none-eabi/4.9.3/../../../../arm-none-eabi/lib/armv6-m/libc_nano.a(lib_a-init.o)
 .ARM.attributes
                0x000000e9       0x2c /opt/gcc-arm-none-eabi-4_9-2015q3/bin/../lib/gcc/arm-none-eabi/4.9.3/../../../../arm-none-eabi/lib/armv6-m/libc_nano.a(lib_a-memset.o)
 .ARM.attributes
                0x00000115       0x2c /opt/gcc-arm-none-eabi-4_9-2015q3/bin/../lib/gcc/arm-none-eabi/4.9.3/../../../../arm-none-eabi/lib/armv6-m/libnosys.a(_exit.o)
 .ARM.attributes
                0x00000141       0x31 _build/app_button.o
 .ARM.attributes
                0x00000172       0x31 _build/app_error.o
 .ARM.attributes
                0x000001a3       0x31 _build/app_error_weak.o
 .ARM.attributes
                0x000001d4       0x31 _build/app_timer.o
 .ARM.attributes
                0x00000205       0x31 _build/app_util_platform.o
 .ARM.attributes
                0x00000236       0x31 _build/nrf_drv_adc.o
 .ARM.attributes
                0x00000267       0x31 _build/nrf_drv_common.o
 .ARM.attributes
                0x00000298       0x31 _build/nrf_drv_gpiote.o
 .ARM.attributes
                0x000002c9       0x31 _build/nrf_drv_uart.o
 .ARM.attributes
                0x000002fa       0x31 _build/bsp.o
 .ARM.attributes
                0x0000032b       0x31 _build/main.o
 .ARM.attributes
                0x0000035c       0x31 _build/beacon_parameters_update_service.o
 .ARM.attributes
                0x0000038d       0x31 _build/password_service.o
 .ARM.attributes
                0x000003be       0x31 _build/memory_definitions.o
 .ARM.attributes
                0x000003ef       0x31 _build/ble_functions.o
 .ARM.attributes
                0x00000420       0x31 _build/adc.o
 .ARM.attributes
                0x00000451       0x31 _build/advertising_functions.o
 .ARM.attributes
                0x00000482       0x31 _build/connection.o
 .ARM.attributes
                0x000004b3       0x31 _build/global_services_definitions.o
 .ARM.attributes
                0x000004e4       0x31 _build/button.o
 .ARM.attributes
                0x00000515       0x31 _build/timer.o
 .ARM.attributes
                0x00000546       0x31 _build/ble_advdata.o
 .ARM.attributes
                0x00000577       0x31 _build/ble_conn_params.o
 .ARM.attributes
                0x000005a8       0x31 _build/system_nrf51.o
 .ARM.attributes
                0x000005d9       0x31 _build/app_scheduler.o
 .ARM.attributes
                0x0000060a       0x31 _build/nrf_drv_clock.o
 .ARM.attributes
                0x0000063b       0x31 _build/softdevice_handler.o
 .ARM.attributes
                0x0000066c       0x1b _build/gcc_startup_nrf51.o
 .ARM.attributes
                0x00000687       0x1e /opt/gcc-arm-none-eabi-4_9-2015q3/bin/../lib/gcc/arm-none-eabi/4.9.3/armv6-m/libgcc.a(_udivsi3.o)
 .ARM.attributes
                0x000006a5       0x1e /opt/gcc-arm-none-eabi-4_9-2015q3/bin/../lib/gcc/arm-none-eabi/4.9.3/armv6-m/libgcc.a(_divsi3.o)
 .ARM.attributes
                0x000006c3       0x1e /opt/gcc-arm-none-eabi-4_9-2015q3/bin/../lib/gcc/arm-none-eabi/4.9.3/armv6-m/libgcc.a(_dvmd_tls.o)
 .ARM.attributes
                0x000006e1       0x2c /opt/gcc-arm-none-eabi-4_9-2015q3/bin/../lib/gcc/arm-none-eabi/4.9.3/../../../../arm-none-eabi/lib/armv6-m/libc_nano.a(lib_a-memcpy.o)
 .ARM.attributes
                0x0000070d       0x2c /opt/gcc-arm-none-eabi-4_9-2015q3/bin/../lib/gcc/arm-none-eabi/4.9.3/../../../../arm-none-eabi/lib/armv6-m/libc_nano.a(lib_a-findfp.o)
 .ARM.attributes
                0x00000739       0x2c /opt/gcc-arm-none-eabi-4_9-2015q3/bin/../lib/gcc/arm-none-eabi/4.9.3/armv6-m/crtend.o
 .ARM.attributes
                0x00000765       0x1e /opt/gcc-arm-none-eabi-4_9-2015q3/bin/../lib/gcc/arm-none-eabi/4.9.3/armv6-m/crtn.o

.comment        0x00000000       0x70
 .comment       0x00000000       0x70 _build/app_button.o
                                 0x71 (size before relaxing)
 .comment       0x00000000       0x71 _build/app_error.o
 .comment       0x00000000       0x71 _build/app_error_weak.o
 .comment       0x00000000       0x71 _build/app_timer.o
 .comment       0x00000000       0x71 _build/app_util_platform.o
 .comment       0x00000000       0x71 _build/nrf_drv_adc.o
 .comment       0x00000000       0x71 _build/nrf_drv_common.o
 .comment       0x00000000       0x71 _build/nrf_drv_gpiote.o
 .comment       0x00000000       0x71 _build/nrf_drv_uart.o
 .comment       0x00000000       0x71 _build/bsp.o
 .comment       0x00000000       0x71 _build/main.o
 .comment       0x00000000       0x71 _build/beacon_parameters_update_service.o
 .comment       0x00000000       0x71 _build/password_service.o
 .comment       0x00000000       0x71 _build/memory_definitions.o
 .comment       0x00000000       0x71 _build/ble_functions.o
 .comment       0x00000000       0x71 _build/adc.o
 .comment       0x00000000       0x71 _build/advertising_functions.o
 .comment       0x00000000       0x71 _build/connection.o
 .comment       0x00000000       0x71 _build/global_services_definitions.o
 .comment       0x00000000       0x71 _build/button.o
 .comment       0x00000000       0x71 _build/timer.o
 .comment       0x00000000       0x71 _build/ble_advdata.o
 .comment       0x00000000       0x71 _build/ble_conn_params.o
 .comment       0x00000000       0x71 _build/system_nrf51.o
 .comment       0x00000000       0x71 _build/app_scheduler.o
 .comment       0x00000000       0x71 _build/nrf_drv_clock.o
 .comment       0x00000000       0x71 _build/softdevice_handler.o

.debug_frame    0x00000000     0x7fd8
 .debug_frame   0x00000000       0x28 /opt/gcc-arm-none-eabi-4_9-2015q3/bin/../lib/gcc/arm-none-eabi/4.9.3/../../../../arm-none-eabi/lib/armv6-m/libc_nano.a(lib_a-exit.o)
 .debug_frame   0x00000028       0x2c /opt/gcc-arm-none-eabi-4_9-2015q3/bin/../lib/gcc/arm-none-eabi/4.9.3/../../../../arm-none-eabi/lib/armv6-m/libc_nano.a(lib_a-init.o)
 .debug_frame   0x00000054       0x20 /opt/gcc-arm-none-eabi-4_9-2015q3/bin/../lib/gcc/arm-none-eabi/4.9.3/../../../../arm-none-eabi/lib/armv6-m/libc_nano.a(lib_a-memset.o)
 .debug_frame   0x00000074       0x20 /opt/gcc-arm-none-eabi-4_9-2015q3/bin/../lib/gcc/arm-none-eabi/4.9.3/../../../../arm-none-eabi/lib/armv6-m/libnosys.a(_exit.o)
 .debug_frame   0x00000094       0xd0 _build/app_button.o
 .debug_frame   0x00000164       0x70 _build/app_error.o
 .debug_frame   0x000001d4       0x4c _build/app_error_weak.o
 .debug_frame   0x00000220      0x7bc _build/app_timer.o
 .debug_frame   0x000009dc      0x3a4 _build/app_util_platform.o
 .debug_frame   0x00000d80      0x554 _build/nrf_drv_adc.o
 .debug_frame   0x000012d4      0x334 _build/nrf_drv_common.o
 .debug_frame   0x00001608      0xa88 _build/nrf_drv_gpiote.o
 .debug_frame   0x00002090      0x924 _build/nrf_drv_uart.o
 .debug_frame   0x000029b4      0x1c8 _build/bsp.o
 .debug_frame   0x00002b7c      0x7dc _build/main.o
 .debug_frame   0x00003358      0x4a0 _build/beacon_parameters_update_service.o
 .debug_frame   0x000037f8      0x500 _build/password_service.o
 .debug_frame   0x00003cf8       0x50 _build/memory_definitions.o
 .debug_frame   0x00003d48      0x780 _build/ble_functions.o
 .debug_frame   0x000044c8      0x310 _build/adc.o
 .debug_frame   0x000047d8      0x4e0 _build/advertising_functions.o
 .debug_frame   0x00004cb8      0x4c0 _build/connection.o
 .debug_frame   0x00005178      0x47c _build/global_services_definitions.o
 .debug_frame   0x000055f4      0x480 _build/button.o
 .debug_frame   0x00005a74      0x4bc _build/timer.o
 .debug_frame   0x00005f30      0x6a0 _build/ble_advdata.o
 .debug_frame   0x000065d0      0x5dc _build/ble_conn_params.o
 .debug_frame   0x00006bac       0x9c _build/system_nrf51.o
 .debug_frame   0x00006c48      0x3b0 _build/app_scheduler.o
 .debug_frame   0x00006ff8      0x4fc _build/nrf_drv_clock.o
 .debug_frame   0x000074f4      0x93c _build/softdevice_handler.o
 .debug_frame   0x00007e30       0x20 /opt/gcc-arm-none-eabi-4_9-2015q3/bin/../lib/gcc/arm-none-eabi/4.9.3/armv6-m/libgcc.a(_udivsi3.o)
 .debug_frame   0x00007e50       0x20 /opt/gcc-arm-none-eabi-4_9-2015q3/bin/../lib/gcc/arm-none-eabi/4.9.3/armv6-m/libgcc.a(_divsi3.o)
 .debug_frame   0x00007e70       0x28 /opt/gcc-arm-none-eabi-4_9-2015q3/bin/../lib/gcc/arm-none-eabi/4.9.3/../../../../arm-none-eabi/lib/armv6-m/libc_nano.a(lib_a-memcpy.o)
 .debug_frame   0x00007e98      0x140 /opt/gcc-arm-none-eabi-4_9-2015q3/bin/../lib/gcc/arm-none-eabi/4.9.3/../../../../arm-none-eabi/lib/armv6-m/libc_nano.a(lib_a-findfp.o)

.debug_info     0x00000000    0x3233d
 .debug_info    0x00000000      0x495 _build/app_button.o
 .debug_info    0x00000495      0x2e0 _build/app_error.o
 .debug_info    0x00000775      0x1eb _build/app_error_weak.o
 .debug_info    0x00000960     0x1f63 _build/app_timer.o
 .debug_info    0x000028c3      0xfaf _build/app_util_platform.o
 .debug_info    0x00003872     0x1600 _build/nrf_drv_adc.o
 .debug_info    0x00004e72      0xf46 _build/nrf_drv_common.o
 .debug_info    0x00005db8     0x2079 _build/nrf_drv_gpiote.o
 .debug_info    0x00007e31     0x2089 _build/nrf_drv_uart.o
 .debug_info    0x00009eba      0x9d6 _build/bsp.o
 .debug_info    0x0000a890     0x336d _build/main.o
 .debug_info    0x0000dbfd     0x357a _build/beacon_parameters_update_service.o
 .debug_info    0x00011177     0x3681 _build/password_service.o
 .debug_info    0x000147f8      0x208 _build/memory_definitions.o
 .debug_info    0x00014a00     0x4147 _build/ble_functions.o
 .debug_info    0x00018b47      0xfd2 _build/adc.o
 .debug_info    0x00019b19     0x2b3e _build/advertising_functions.o
 .debug_info    0x0001c657     0x2556 _build/connection.o
 .debug_info    0x0001ebad     0x23d8 _build/global_services_definitions.o
 .debug_info    0x00020f85     0x24ef _build/button.o
 .debug_info    0x00023474     0x24fb _build/timer.o
 .debug_info    0x0002596f     0x2cd6 _build/ble_advdata.o
 .debug_info    0x00028645     0x361b _build/ble_conn_params.o
 .debug_info    0x0002bc60      0x1c2 _build/system_nrf51.o
 .debug_info    0x0002be22      0xf58 _build/app_scheduler.o
 .debug_info    0x0002cd7a     0x1177 _build/nrf_drv_clock.o
 .debug_info    0x0002def1     0x444c _build/softdevice_handler.o

.debug_abbrev   0x00000000     0x417a
 .debug_abbrev  0x00000000      0x13e _build/app_button.o
 .debug_abbrev  0x0000013e      0x10c _build/app_error.o
 .debug_abbrev  0x0000024a      0x111 _build/app_error_weak.o
 .debug_abbrev  0x0000035b      0x3f5 _build/app_timer.o
 .debug_abbrev  0x00000750      0x2a7 _build/app_util_platform.o
 .debug_abbrev  0x000009f7      0x34d _build/nrf_drv_adc.o
 .debug_abbrev  0x00000d44      0x1cb _build/nrf_drv_common.o
 .debug_abbrev  0x00000f0f      0x353 _build/nrf_drv_gpiote.o
 .debug_abbrev  0x00001262      0x369 _build/nrf_drv_uart.o
 .debug_abbrev  0x000015cb      0x25a _build/bsp.o
 .debug_abbrev  0x00001825      0x30e _build/main.o
 .debug_abbrev  0x00001b33      0x2ad _build/beacon_parameters_update_service.o
 .debug_abbrev  0x00001de0      0x2ad _build/password_service.o
 .debug_abbrev  0x0000208d       0xf6 _build/memory_definitions.o
 .debug_abbrev  0x00002183      0x2ad _build/ble_functions.o
 .debug_abbrev  0x00002430      0x1f3 _build/adc.o
 .debug_abbrev  0x00002623      0x26a _build/advertising_functions.o
 .debug_abbrev  0x0000288d      0x234 _build/connection.o
 .debug_abbrev  0x00002ac1      0x233 _build/global_services_definitions.o
 .debug_abbrev  0x00002cf4      0x250 _build/button.o
 .debug_abbrev  0x00002f44      0x283 _build/timer.o
 .debug_abbrev  0x000031c7      0x269 _build/ble_advdata.o
 .debug_abbrev  0x00003430      0x33f _build/ble_conn_params.o
 .debug_abbrev  0x0000376f       0xf2 _build/system_nrf51.o
 .debug_abbrev  0x00003861      0x246 _build/app_scheduler.o
 .debug_abbrev  0x00003aa7      0x322 _build/nrf_drv_clock.o
 .debug_abbrev  0x00003dc9      0x3b1 _build/softdevice_handler.o

.debug_aranges  0x00000000     0x3650
 .debug_aranges
                0x00000000       0x48 _build/app_button.o
 .debug_aranges
                0x00000048       0x30 _build/app_error.o
 .debug_aranges
                0x00000078       0x28 _build/app_error_weak.o
 .debug_aranges
                0x000000a0      0x2b0 _build/app_timer.o
 .debug_aranges
                0x00000350      0x1a8 _build/app_util_platform.o
 .debug_aranges
                0x000004f8      0x218 _build/nrf_drv_adc.o
 .debug_aranges
                0x00000710      0x188 _build/nrf_drv_common.o
 .debug_aranges
                0x00000898      0x360 _build/nrf_drv_gpiote.o
 .debug_aranges
                0x00000bf8      0x310 _build/nrf_drv_uart.o
 .debug_aranges
                0x00000f08       0x88 _build/bsp.o
 .debug_aranges
                0x00000f90      0x3c0 _build/main.o
 .debug_aranges
                0x00001350      0x248 _build/beacon_parameters_update_service.o
 .debug_aranges
                0x00001598      0x260 _build/password_service.o
 .debug_aranges
                0x000017f8       0x28 _build/memory_definitions.o
 .debug_aranges
                0x00001820      0x3b8 _build/ble_functions.o
 .debug_aranges
                0x00001bd8      0x180 _build/adc.o
 .debug_aranges
                0x00001d58      0x258 _build/advertising_functions.o
 .debug_aranges
                0x00001fb0      0x250 _build/connection.o
 .debug_aranges
                0x00002200      0x240 _build/global_services_definitions.o
 .debug_aranges
                0x00002440      0x240 _build/button.o
 .debug_aranges
                0x00002680      0x250 _build/timer.o
 .debug_aranges
                0x000028d0      0x2c8 _build/ble_advdata.o
 .debug_aranges
                0x00002b98      0x298 _build/ble_conn_params.o
 .debug_aranges
                0x00002e30       0x40 _build/system_nrf51.o
 .debug_aranges
                0x00002e70      0x1a8 _build/app_scheduler.o
 .debug_aranges
                0x00003018      0x210 _build/nrf_drv_clock.o
 .debug_aranges
                0x00003228      0x428 _build/softdevice_handler.o

.debug_ranges   0x00000000     0x34d0
 .debug_ranges  0x00000000       0x38 _build/app_button.o
 .debug_ranges  0x00000038       0x20 _build/app_error.o
 .debug_ranges  0x00000058       0x18 _build/app_error_weak.o
 .debug_ranges  0x00000070      0x2a0 _build/app_timer.o
 .debug_ranges  0x00000310      0x198 _build/app_util_platform.o
 .debug_ranges  0x000004a8      0x208 _build/nrf_drv_adc.o
 .debug_ranges  0x000006b0      0x178 _build/nrf_drv_common.o
 .debug_ranges  0x00000828      0x350 _build/nrf_drv_gpiote.o
 .debug_ranges  0x00000b78      0x300 _build/nrf_drv_uart.o
 .debug_ranges  0x00000e78       0x78 _build/bsp.o
 .debug_ranges  0x00000ef0      0x3b0 _build/main.o
 .debug_ranges  0x000012a0      0x238 _build/beacon_parameters_update_service.o
 .debug_ranges  0x000014d8      0x250 _build/password_service.o
 .debug_ranges  0x00001728       0x18 _build/memory_definitions.o
 .debug_ranges  0x00001740      0x3c0 _build/ble_functions.o
 .debug_ranges  0x00001b00      0x170 _build/adc.o
 .debug_ranges  0x00001c70      0x248 _build/advertising_functions.o
 .debug_ranges  0x00001eb8      0x240 _build/connection.o
 .debug_ranges  0x000020f8      0x230 _build/global_services_definitions.o
 .debug_ranges  0x00002328      0x230 _build/button.o
 .debug_ranges  0x00002558      0x240 _build/timer.o
 .debug_ranges  0x00002798      0x2b8 _build/ble_advdata.o
 .debug_ranges  0x00002a50      0x2a0 _build/ble_conn_params.o
 .debug_ranges  0x00002cf0       0x30 _build/system_nrf51.o
 .debug_ranges  0x00002d20      0x198 _build/app_scheduler.o
 .debug_ranges  0x00002eb8      0x200 _build/nrf_drv_clock.o
 .debug_ranges  0x000030b8      0x418 _build/softdevice_handler.o

.debug_macro    0x00000000    0x10ba4
 .debug_macro   0x00000000      0x2ae _build/app_button.o
 .debug_macro   0x000002ae      0x850 _build/app_button.o
 .debug_macro   0x00000afe       0x22 _build/app_button.o
 .debug_macro   0x00000b20       0x44 _build/app_button.o
 .debug_macro   0x00000b64       0xe3 _build/app_button.o
 .debug_macro   0x00000c47       0x22 _build/app_button.o
 .debug_macro   0x00000c69      0x1df _build/app_button.o
 .debug_macro   0x00000e48       0x22 _build/app_button.o
 .debug_macro   0x00000e6a       0x1c _build/app_button.o
 .debug_macro   0x00000e86       0x22 _build/app_button.o
 .debug_macro   0x00000ea8       0x3a _build/app_button.o
 .debug_macro   0x00000ee2       0x26 _build/app_button.o
 .debug_macro   0x00000f08      0x30d _build/app_button.o
 .debug_macro   0x00001215      0x1d2 _build/app_button.o
 .debug_macro   0x000013e7     0x745a _build/app_button.o
 .debug_macro   0x00008841      0x976 _build/app_button.o
 .debug_macro   0x000091b7       0x1c _build/app_button.o
 .debug_macro   0x000091d3       0x58 _build/app_button.o
 .debug_macro   0x0000922b       0x35 _build/app_button.o
 .debug_macro   0x00009260       0x9c _build/app_button.o
 .debug_macro   0x000092fc       0x16 _build/app_button.o
 .debug_macro   0x00009312       0x97 _build/app_button.o
 .debug_macro   0x000093a9      0x29d _build/app_button.o
 .debug_macro   0x00009646       0xef _build/app_button.o
 .debug_macro   0x00009735       0x10 _build/app_button.o
 .debug_macro   0x00009745       0x52 _build/app_button.o
 .debug_macro   0x00009797       0x16 _build/app_button.o
 .debug_macro   0x000097ad       0x43 _build/app_button.o
 .debug_macro   0x000097f0      0x180 _build/app_button.o
 .debug_macro   0x00009970       0x10 _build/app_button.o
 .debug_macro   0x00009980       0x22 _build/app_button.o
 .debug_macro   0x000099a2       0xbe _build/app_button.o
 .debug_macro   0x00009a60       0x16 _build/app_button.o
 .debug_macro   0x00009a76      0x197 _build/app_button.o
 .debug_macro   0x00009c0d       0x9a _build/app_button.o
 .debug_macro   0x00009ca7       0x70 _build/app_button.o
 .debug_macro   0x00009d17      0x11e _build/app_button.o
 .debug_macro   0x00009e35       0x52 _build/app_button.o
 .debug_macro   0x00009e87       0x67 _build/app_button.o
 .debug_macro   0x00009eee       0xfb _build/app_button.o
 .debug_macro   0x00009fe9       0x2b _build/app_button.o
 .debug_macro   0x0000a014       0x10 _build/app_button.o
 .debug_macro   0x0000a024       0x1c _build/app_button.o
 .debug_macro   0x0000a040       0x47 _build/app_button.o
 .debug_macro   0x0000a087       0x11 _build/app_button.o
 .debug_macro   0x0000a098      0x195 _build/app_button.o
 .debug_macro   0x0000a22d       0x2e _build/app_button.o
 .debug_macro   0x0000a25b       0x16 _build/app_button.o
 .debug_macro   0x0000a271       0x35 _build/app_button.o
 .debug_macro   0x0000a2a6       0x22 _build/app_button.o
 .debug_macro   0x0000a2c8       0x37 _build/app_button.o
 .debug_macro   0x0000a2ff      0x212 _build/app_error.o
 .debug_macro   0x0000a511       0x34 _build/app_error.o
 .debug_macro   0x0000a545      0x20c _build/app_error_weak.o
 .debug_macro   0x0000a751      0x336 _build/app_timer.o
 .debug_macro   0x0000aa87       0x41 _build/app_timer.o
 .debug_macro   0x0000aac8       0x16 _build/app_timer.o
 .debug_macro   0x0000aade       0x40 _build/app_timer.o
 .debug_macro   0x0000ab1e       0x64 _build/app_timer.o
 .debug_macro   0x0000ab82       0x22 _build/app_timer.o
 .debug_macro   0x0000aba4       0x5b _build/app_timer.o
 .debug_macro   0x0000abff       0x16 _build/app_timer.o
 .debug_macro   0x0000ac15      0x259 _build/app_util_platform.o
 .debug_macro   0x0000ae6e       0x6d _build/app_util_platform.o
 .debug_macro   0x0000aedb      0x2a8 _build/nrf_drv_adc.o
 .debug_macro   0x0000b183       0x10 _build/nrf_drv_adc.o
 .debug_macro   0x0000b193       0x10 _build/nrf_drv_adc.o
 .debug_macro   0x0000b1a3      0x28f _build/nrf_drv_common.o
 .debug_macro   0x0000b432      0x2df _build/nrf_drv_gpiote.o
 .debug_macro   0x0000b711      0x2d9 _build/nrf_drv_uart.o
 .debug_macro   0x0000b9ea      0x2c3 _build/bsp.o
 .debug_macro   0x0000bcad      0x420 _build/main.o
 .debug_macro   0x0000c0cd       0x16 _build/main.o
 .debug_macro   0x0000c0e3       0x10 _build/main.o
 .debug_macro   0x0000c0f3       0x22 _build/main.o
 .debug_macro   0x0000c115       0x10 _build/main.o
 .debug_macro   0x0000c125      0x1fb _build/main.o
 .debug_macro   0x0000c320       0xd6 _build/main.o
 .debug_macro   0x0000c3f6      0x3f4 _build/main.o
 .debug_macro   0x0000c7ea       0x40 _build/main.o
 .debug_macro   0x0000c82a       0x22 _build/main.o
 .debug_macro   0x0000c84c      0x201 _build/main.o
 .debug_macro   0x0000ca4d       0x1c _build/main.o
 .debug_macro   0x0000ca69       0xdb _build/main.o
 .debug_macro   0x0000cb44       0x24 _build/main.o
 .debug_macro   0x0000cb68      0x2ca _build/main.o
 .debug_macro   0x0000ce32       0x10 _build/main.o
 .debug_macro   0x0000ce42       0x1c _build/main.o
 .debug_macro   0x0000ce5e      0x2f3 _build/beacon_parameters_update_service.o
 .debug_macro   0x0000d151       0x3a _build/beacon_parameters_update_service.o
 .debug_macro   0x0000d18b      0x3fa _build/beacon_parameters_update_service.o
 .debug_macro   0x0000d585       0xd5 _build/beacon_parameters_update_service.o
 .debug_macro   0x0000d65a       0x16 _build/beacon_parameters_update_service.o
 .debug_macro   0x0000d670      0x2f3 _build/password_service.o
 .debug_macro   0x0000d963       0xac _build/memory_definitions.o
 .debug_macro   0x0000da0f      0x3ef _build/ble_functions.o
 .debug_macro   0x0000ddfe       0x46 _build/ble_functions.o
 .debug_macro   0x0000de44       0x1c _build/ble_functions.o
 .debug_macro   0x0000de60       0x8e _build/ble_functions.o
 .debug_macro   0x0000deee       0x16 _build/ble_functions.o
 .debug_macro   0x0000df04       0x10 _build/ble_functions.o
 .debug_macro   0x0000df14      0x401 _build/ble_functions.o
 .debug_macro   0x0000e315       0x22 _build/ble_functions.o
 .debug_macro   0x0000e337      0x2e4 _build/adc.o
 .debug_macro   0x0000e61b      0x39d _build/advertising_functions.o
 .debug_macro   0x0000e9b8       0xb8 _build/advertising_functions.o
 .debug_macro   0x0000ea70       0x10 _build/advertising_functions.o
 .debug_macro   0x0000ea80      0x31c _build/connection.o
 .debug_macro   0x0000ed9c       0xa6 _build/connection.o
 .debug_macro   0x0000ee42      0x1f5 _build/connection.o
 .debug_macro   0x0000f037      0x1fb _build/connection.o
 .debug_macro   0x0000f232      0x2db _build/global_services_definitions.o
 .debug_macro   0x0000f50d      0x326 _build/button.o
 .debug_macro   0x0000f833      0x34b _build/timer.o
 .debug_macro   0x0000fb7e       0x1c _build/timer.o
 .debug_macro   0x0000fb9a      0x26a _build/ble_advdata.o
 .debug_macro   0x0000fe04      0x2f1 _build/ble_conn_params.o
 .debug_macro   0x000100f5       0xd0 _build/system_nrf51.o
 .debug_macro   0x000101c5      0x2cd _build/app_scheduler.o
 .debug_macro   0x00010492      0x2f4 _build/nrf_drv_clock.o
 .debug_macro   0x00010786       0x10 _build/nrf_drv_clock.o
 .debug_macro   0x00010796      0x3ee _build/softdevice_handler.o
 .debug_macro   0x00010b84       0x10 _build/softdevice_handler.o
 .debug_macro   0x00010b94       0x10 _build/softdevice_handler.o

.debug_line     0x00000000    0x16b2b
 .debug_line    0x00000000      0xa01 _build/app_button.o
 .debug_line    0x00000a01      0x5e7 _build/app_error.o
 .debug_line    0x00000fe8      0x5d4 _build/app_error_weak.o
 .debug_line    0x000015bc      0xf96 _build/app_timer.o
 .debug_line    0x00002552      0x9a0 _build/app_util_platform.o
 .debug_line    0x00002ef2      0xde9 _build/nrf_drv_adc.o
 .debug_line    0x00003cdb      0xb26 _build/nrf_drv_common.o
 .debug_line    0x00004801     0x1277 _build/nrf_drv_gpiote.o
 .debug_line    0x00005a78     0x1131 _build/nrf_drv_uart.o
 .debug_line    0x00006ba9      0xa01 _build/bsp.o
 .debug_line    0x000075aa     0x18b2 _build/main.o
 .debug_line    0x00008e5c      0xe2c _build/beacon_parameters_update_service.o
 .debug_line    0x00009c88      0xe44 _build/password_service.o
 .debug_line    0x0000aacc      0x42a _build/memory_definitions.o
 .debug_line    0x0000aef6     0x150c _build/ble_functions.o
 .debug_line    0x0000c402      0xcbb _build/adc.o
 .debug_line    0x0000d0bd     0x10d4 _build/advertising_functions.o
 .debug_line    0x0000e191      0xd13 _build/connection.o
 .debug_line    0x0000eea4      0xd0e _build/global_services_definitions.o
 .debug_line    0x0000fbb2      0xfe5 _build/button.o
 .debug_line    0x00010b97     0x11ed _build/timer.o
 .debug_line    0x00011d84      0xeed _build/ble_advdata.o
 .debug_line    0x00012c71      0xd9d _build/ble_conn_params.o
 .debug_line    0x00013a0e      0x43c _build/system_nrf51.o
 .debug_line    0x00013e4a      0xaab _build/app_scheduler.o
 .debug_line    0x000148f5      0xd82 _build/nrf_drv_clock.o
 .debug_line    0x00015677     0x14b4 _build/softdevice_handler.o

.debug_str      0x00000000    0x4929d
 .debug_str     0x00000000    0x34ce9 _build/app_button.o
                              0x34fb1 (size before relaxing)
 .debug_str     0x00034ce9      0x160 _build/app_error.o
                              0x33b03 (size before relaxing)
 .debug_str     0x00034e49       0xeb _build/app_error_weak.o
                              0x33a59 (size before relaxing)
 .debug_str     0x00034f34     0x22ca _build/app_timer.o
                              0x36494 (size before relaxing)
 .debug_str     0x000371fe      0x1a4 _build/app_util_platform.o
                              0x3528a (size before relaxing)
 .debug_str     0x000373a2      0x6ce _build/nrf_drv_adc.o
                              0x35f65 (size before relaxing)
 .debug_str     0x00037a70       0xa0 _build/nrf_drv_common.o
                              0x35867 (size before relaxing)
 .debug_str     0x00037b10      0xc9a _build/nrf_drv_gpiote.o
                              0x36b7c (size before relaxing)
 .debug_str     0x000387aa      0xc87 _build/nrf_drv_uart.o
                              0x3691e (size before relaxing)
 .debug_str     0x00039431     0x19ab _build/bsp.o
                              0x3589d (size before relaxing)
 .debug_str     0x0003addc     0x6e2b _build/main.o
                              0x3dd08 (size before relaxing)
 .debug_str     0x00041c07      0xa6f _build/beacon_parameters_update_service.o
                              0x3b045 (size before relaxing)
 .debug_str     0x00042676      0x1a2 _build/password_service.o
                              0x3b079 (size before relaxing)
 .debug_str     0x00042818       0xf4 _build/memory_definitions.o
                              0x2bd42 (size before relaxing)
 .debug_str     0x0004290c     0x3bb2 _build/ble_functions.o
                              0x40ef4 (size before relaxing)
 .debug_str     0x000464be      0x3d8 _build/adc.o
                              0x36d92 (size before relaxing)
 .debug_str     0x00046896      0xb90 _build/advertising_functions.o
                              0x3c584 (size before relaxing)
 .debug_str     0x00047426      0x814 _build/connection.o
                              0x3af16 (size before relaxing)
 .debug_str     0x00047c3a       0xea _build/global_services_definitions.o
                              0x3a60f (size before relaxing)
 .debug_str     0x00047d24       0xac _build/button.o
                              0x3b2ec (size before relaxing)
 .debug_str     0x00047dd0       0xdc _build/timer.o
                              0x3b3c0 (size before relaxing)
 .debug_str     0x00047eac      0x33b _build/ble_advdata.o
                              0x39ce7 (size before relaxing)
 .debug_str     0x000481e7      0x244 _build/ble_conn_params.o
                              0x3badf (size before relaxing)
 .debug_str     0x0004842b      0x175 _build/system_nrf51.o
                              0x2f04a (size before relaxing)
 .debug_str     0x000485a0      0x249 _build/app_scheduler.o
                              0x3546d (size before relaxing)
 .debug_str     0x000487e9      0x5d9 _build/nrf_drv_clock.o
                              0x36214 (size before relaxing)
 .debug_str     0x00048dc2      0x4db _build/softdevice_handler.o
                              0x3f7b1 (size before relaxing)

.stabstr        0x00000000      0x14d
 .stabstr       0x00000000      0x14d /opt/gcc-arm-none-eabi-4_9-2015q3/bin/../lib/gcc/arm-none-eabi/4.9.3/../../../../arm-none-eabi/lib/armv6-m/libnosys.a(close.o)
